// Jest Snapshot v1, https://goo.gl/fbAQLP

exports[`renders correctly 1`] = `
<div>
  <h2>
    facebook/
    <b>
      create-react-app
    </b>
  </h2>
  <div
    className="container"
  >
    <table>
      <thead />
      <tbody>
        <tr
          className="border_bottom"
        >
          <td>
            <b>
              916 Open 
            </b>
            âœ“ 6,177 Closed 
          </td>
        </tr>
      </tbody>
    </table>
  </div>
</div>
`;
